============================================================
AI System Monitoring Dashboard - Module Tests
============================================================

[1/6] Testing Metrics Collector...
.\venv\Scripts\python : 
Traceback (most recent 
call last):
At line:1 char:1
+ .\venv\Scripts\python 
test_modules.py > 
test_output.txt 2>&1
+ ~~~~~~~~~~~~~~~~~~~~~~~~~
~~~~~~~~~~~~~~~~~~~~~~~~~~~
~~~~~~~~
    + CategoryInfo         
     : NotSpecified: (Tra  
  ceback (most recent ca   
 ll last)::String) [],     
RemoteException
    + FullyQualifiedErrorI 
   d : NativeCommandError
 
  File "D:\AI System Monito
ring\test_modules.py", 
line 20, in <module>
    from 
src.metrics.collector 
import 
SystemMetricsCollector
  File "D:\AI System Monito
ring\src\metrics\collector.
py", line 12, in <module>
    import pandas as pd
ModuleNotFoundError: No 
module named 'pandas'

During handling of the 
above exception, another 
exception occurred:

Traceback (most recent 
call last):
  File "D:\AI System Monito
ring\test_modules.py", 
line 28, in <module>
    print(f"\u274c Metrics 
Collector: FAILED - {e}")
    ~~~~~^^^^^^^^^^^^^^^^^^
^^^^^^^^^^^^^^^^^^^^^
  File "C:\Program Files\Py
thon313\Lib\encodings\cp125
2.py", line 19, in encode
    return codecs.charmap_e
ncode(input,self.errors,enc
oding_table)[0]
           ~~~~~~~~~~~~~~~~
~~~~~^^^^^^^^^^^^^^^^^^^^^^
^^^^^^^^^^^^
UnicodeEncodeError: 
'charmap' codec can't 
encode character '\u274c' 
in position 0: character 
maps to <undefined>
